GowinSynthesis start
Running parser ...
Analyzing Verilog file 'C:\Users\Haziel\GBTang\src\EEPROM_24C0x.sv'
Analyzing Verilog file 'C:\Users\Haziel\GBTang\src\VerilogBoy\alu.v'
Analyzing Verilog file 'C:\Users\Haziel\GBTang\src\VerilogBoy\boy.v'
Analyzing Verilog file 'C:\Users\Haziel\GBTang\src\VerilogBoy\brom.v'
Analyzing Verilog file 'C:\Users\Haziel\GBTang\src\VerilogBoy\clk_div.v'
WARN  (EX2478) : Non-net output port 'o' cannot be initialized at declaration in SystemVerilog mode("C:\Users\Haziel\GBTang\src\VerilogBoy\clk_div.v":19)
Analyzing Verilog file 'C:\Users\Haziel\GBTang\src\VerilogBoy\common.v'
Analyzing Verilog file 'C:\Users\Haziel\GBTang\src\VerilogBoy\control.v'
Analyzing included file 'C:\Users\Haziel\GBTang\src\VerilogBoy\common.v'("C:\Users\Haziel\GBTang\src\VerilogBoy\control.v":3)
Back to file 'C:\Users\Haziel\GBTang\src\VerilogBoy\control.v'("C:\Users\Haziel\GBTang\src\VerilogBoy\control.v":3)
Analyzing Verilog file 'C:\Users\Haziel\GBTang\src\VerilogBoy\cpu.v'
Analyzing Verilog file 'C:\Users\Haziel\GBTang\src\VerilogBoy\dma.v'
Analyzing Verilog file 'C:\Users\Haziel\GBTang\src\VerilogBoy\edgedet.v'
Analyzing Verilog file 'C:\Users\Haziel\GBTang\src\VerilogBoy\mbc5.v'
Analyzing Verilog file 'C:\Users\Haziel\GBTang\src\VerilogBoy\ppu.v'
Analyzing Verilog file 'C:\Users\Haziel\GBTang\src\VerilogBoy\regfile.v'
Analyzing Verilog file 'C:\Users\Haziel\GBTang\src\VerilogBoy\serial.v'
Analyzing Verilog file 'C:\Users\Haziel\GBTang\src\VerilogBoy\singleport_ram.v'
Analyzing Verilog file 'C:\Users\Haziel\GBTang\src\VerilogBoy\singlereg.v'
Analyzing Verilog file 'C:\Users\Haziel\GBTang\src\VerilogBoy\sound.v'
Analyzing Verilog file 'C:\Users\Haziel\GBTang\src\VerilogBoy\sound_channel_mix.v'
Analyzing Verilog file 'C:\Users\Haziel\GBTang\src\VerilogBoy\sound_length_ctr.v'
Analyzing Verilog file 'C:\Users\Haziel\GBTang\src\VerilogBoy\sound_noise.v'
Analyzing Verilog file 'C:\Users\Haziel\GBTang\src\VerilogBoy\sound_square.v'
Analyzing Verilog file 'C:\Users\Haziel\GBTang\src\VerilogBoy\sound_vol_env.v'
Analyzing Verilog file 'C:\Users\Haziel\GBTang\src\VerilogBoy\sound_wave.v'
Analyzing Verilog file 'C:\Users\Haziel\GBTang\src\VerilogBoy\timer.v'
Analyzing Verilog file 'C:\Users\Haziel\GBTang\src\autofire.v'
Analyzing Verilog file 'C:\Users\Haziel\GBTang\src\compat.v'
Analyzing Verilog file 'C:\Users\Haziel\GBTang\src\controller_ds2.sv'
Analyzing Verilog file 'C:\Users\Haziel\GBTang\src\controller_snes.v'
WARN  (EX3680) : Concatenation with an unsized literal will be treated as 32 bits("C:\Users\Haziel\GBTang\src\controller_snes.v":117)
Analyzing Verilog file 'C:\Users\Haziel\GBTang\src\dpram.v'
Analyzing Verilog file 'C:\Users\Haziel\GBTang\src\dualshock_controller.v'
Analyzing Verilog file 'C:\Users\Haziel\GBTang\src\game_data.v'
Analyzing Verilog file 'C:\Users\Haziel\GBTang\src\game_loader.v'
Analyzing Verilog file 'C:\Users\Haziel\GBTang\src\nano20k\config.v'
Analyzing Verilog file 'C:\Users\Haziel\GBTang\src\gbtang_top.sv'
Undeclared symbol 'GB_aspect_ratio', assumed default net type 'wire'("C:\Users\Haziel\GBTang\src\gbtang_top.sv":486)
Undeclared symbol 'GB_wb_slave_ack', assumed default net type 'wire'("C:\Users\Haziel\GBTang\src\gbtang_top.sv":599)
Undeclared symbol 'GB_wb_slave_stall', assumed default net type 'wire'("C:\Users\Haziel\GBTang\src\gbtang_top.sv":600)
Undeclared symbol 'GB_wb_slave_data', assumed default net type 'wire'("C:\Users\Haziel\GBTang\src\gbtang_top.sv":601)
Undeclared symbol 'GB_wb_slave_err', assumed default net type 'wire'("C:\Users\Haziel\GBTang\src\gbtang_top.sv":602)
Undeclared symbol 'GB_wb_master_cyc', assumed default net type 'wire'("C:\Users\Haziel\GBTang\src\gbtang_top.sv":603)
Undeclared symbol 'GB_wb_master_stb', assumed default net type 'wire'("C:\Users\Haziel\GBTang\src\gbtang_top.sv":604)
Undeclared symbol 'GB_wb_master_we', assumed default net type 'wire'("C:\Users\Haziel\GBTang\src\gbtang_top.sv":605)
Undeclared symbol 'GB_wb_master_err', assumed default net type 'wire'("C:\Users\Haziel\GBTang\src\gbtang_top.sv":606)
Undeclared symbol 'GB_wb_slave_addr', assumed default net type 'wire'("C:\Users\Haziel\GBTang\src\gbtang_top.sv":607)
Undeclared symbol 'GB_wb_master_data', assumed default net type 'wire'("C:\Users\Haziel\GBTang\src\gbtang_top.sv":608)
Undeclared symbol 'GB_wb_master_sel', assumed default net type 'wire'("C:\Users\Haziel\GBTang\src\gbtang_top.sv":609)
Undeclared symbol 'GB_cheats_enabled', assumed default net type 'wire'("C:\Users\Haziel\GBTang\src\gbtang_top.sv":611)
Undeclared symbol 'GB_cheats_loaded', assumed default net type 'wire'("C:\Users\Haziel\GBTang\src\gbtang_top.sv":612)
WARN  (EX3638) : 'GB_wb_master_cyc' is already implicitly declared on line 603("C:\Users\Haziel\GBTang\src\gbtang_top.sv":664)
WARN  (EX3638) : 'GB_wb_master_stb' is already implicitly declared on line 604("C:\Users\Haziel\GBTang\src\gbtang_top.sv":665)
WARN  (EX3638) : 'GB_wb_master_we' is already implicitly declared on line 605("C:\Users\Haziel\GBTang\src\gbtang_top.sv":666)
WARN  (EX3638) : 'GB_wb_master_err' is already implicitly declared on line 606("C:\Users\Haziel\GBTang\src\gbtang_top.sv":667)
WARN  (EX3638) : 'GB_wb_slave_addr' is already implicitly declared on line 607("C:\Users\Haziel\GBTang\src\gbtang_top.sv":668)
WARN  (EX3638) : 'GB_wb_master_data' is already implicitly declared on line 608("C:\Users\Haziel\GBTang\src\gbtang_top.sv":669)
WARN  (EX3638) : 'GB_wb_slave_ack' is already implicitly declared on line 599("C:\Users\Haziel\GBTang\src\gbtang_top.sv":670)
WARN  (EX3638) : 'GB_wb_slave_stall' is already implicitly declared on line 600("C:\Users\Haziel\GBTang\src\gbtang_top.sv":671)
WARN  (EX3638) : 'GB_wb_slave_err' is already implicitly declared on line 602("C:\Users\Haziel\GBTang\src\gbtang_top.sv":672)
WARN  (EX3638) : 'GB_wb_slave_data' is already implicitly declared on line 601("C:\Users\Haziel\GBTang\src\gbtang_top.sv":673)
WARN  (EX3638) : 'GB_cheats_enabled' is already implicitly declared on line 611("C:\Users\Haziel\GBTang\src\gbtang_top.sv":679)
WARN  (EX3638) : 'GB_cheats_loaded' is already implicitly declared on line 612("C:\Users\Haziel\GBTang\src\gbtang_top.sv":680)
WARN  (EX3638) : 'GB_aspect_ratio' is already implicitly declared on line 486("C:\Users\Haziel\GBTang\src\gbtang_top.sv":691)
WARN  (EX2987) : Variable 'write' must explicitly be declared as automatic or static("C:\Users\Haziel\GBTang\src\gbtang_top.sv":506)
WARN  (EX2987) : Variable 'rv_new_req_t' must explicitly be declared as automatic or static("C:\Users\Haziel\GBTang\src\gbtang_top.sv":507)
Analyzing Verilog file 'C:\Users\Haziel\GBTang\src\hdmi2\audio_clock_regeneration_packet.sv'
WARN  (EX2478) : Non-net output port 'clk_audio_counter_wrap' cannot be initialized at declaration in SystemVerilog mode("C:\Users\Haziel\GBTang\src\hdmi2\audio_clock_regeneration_packet.sv":13)
Analyzing Verilog file 'C:\Users\Haziel\GBTang\src\hdmi2\audio_info_frame.sv'
Analyzing Verilog file 'C:\Users\Haziel\GBTang\src\hdmi2\audio_sample_packet.sv'
Analyzing Verilog file 'C:\Users\Haziel\GBTang\src\hdmi2\auxiliary_video_information_info_frame.sv'
Analyzing Verilog file 'C:\Users\Haziel\GBTang\src\hdmi2\hdmi.sv'
WARN  (EX2478) : Non-net output port 'cx' cannot be initialized at declaration in SystemVerilog mode("C:\Users\Haziel\GBTang\src\hdmi2\hdmi.sv":81)
WARN  (EX2478) : Non-net output port 'cy' cannot be initialized at declaration in SystemVerilog mode("C:\Users\Haziel\GBTang\src\hdmi2\hdmi.sv":82)
Analyzing Verilog file 'C:\Users\Haziel\GBTang\src\hdmi2\packet_assembler.sv'
WARN  (EX2478) : Non-net output port 'counter' cannot be initialized at declaration in SystemVerilog mode("C:\Users\Haziel\GBTang\src\hdmi2\packet_assembler.sv":11)
Analyzing Verilog file 'C:\Users\Haziel\GBTang\src\hdmi2\packet_picker.sv'
Analyzing Verilog file 'C:\Users\Haziel\GBTang\src\hdmi2\serializer.sv'
Analyzing Verilog file 'C:\Users\Haziel\GBTang\src\hdmi2\source_product_description_info_frame.sv'
Analyzing Verilog file 'C:\Users\Haziel\GBTang\src\hdmi2\tmds_channel.sv'
WARN  (EX2478) : Non-net output port 'tmds' cannot be initialized at declaration in SystemVerilog mode("C:\Users\Haziel\GBTang\src\hdmi2\tmds_channel.sv":16)
Analyzing Verilog file 'C:\Users\Haziel\GBTang\src\hw_uart.v'
WARN  (EX3801) : Parameter 's_IDLE' becomes localparam in 'uart_rx' with formal parameter declaration list("C:\Users\Haziel\GBTang\src\hw_uart.v":31)
WARN  (EX3801) : Parameter 's_RX_START_BIT' becomes localparam in 'uart_rx' with formal parameter declaration list("C:\Users\Haziel\GBTang\src\hw_uart.v":32)
WARN  (EX3801) : Parameter 's_RX_DATA_BITS' becomes localparam in 'uart_rx' with formal parameter declaration list("C:\Users\Haziel\GBTang\src\hw_uart.v":33)
WARN  (EX3801) : Parameter 's_RX_STOP_BIT' becomes localparam in 'uart_rx' with formal parameter declaration list("C:\Users\Haziel\GBTang\src\hw_uart.v":34)
WARN  (EX3801) : Parameter 's_CLEANUP' becomes localparam in 'uart_rx' with formal parameter declaration list("C:\Users\Haziel\GBTang\src\hw_uart.v":35)
Analyzing Verilog file 'C:\Users\Haziel\GBTang\src\iosys\gowin_dpb_menu.v'
Analyzing Verilog file 'C:\Users\Haziel\GBTang\src\iosys\iosys.v'
Analyzing included file 'C:\Users\Haziel\GBTang\src\iosys\wishbone_slaves.vh'("C:\Users\Haziel\GBTang\src\iosys\iosys.v":34)
Back to file 'C:\Users\Haziel\GBTang\src\iosys\iosys.v'("C:\Users\Haziel\GBTang\src\iosys\iosys.v":34)
WARN  (EX2830) : Data object 'id_reg_enhanced_apu_sel' is already declared("C:\Users\Haziel\GBTang\src\iosys\iosys.v":222)
Previous declaration of 'id_reg_enhanced_apu_sel' is from here("C:\Users\Haziel\GBTang\src\iosys\iosys.v":217)
WARN  (EX3671) : Second declaration of 'id_reg_enhanced_apu_sel' is ignored("C:\Users\Haziel\GBTang\src\iosys\iosys.v":222)
WARN  (EX2830) : Data object 'reg_enhanced_apu' is already declared("C:\Users\Haziel\GBTang\src\iosys\iosys.v":447)
Previous declaration of 'reg_enhanced_apu' is from here("C:\Users\Haziel\GBTang\src\iosys\iosys.v":432)
WARN  (EX3671) : Second declaration of 'reg_enhanced_apu' is ignored("C:\Users\Haziel\GBTang\src\iosys\iosys.v":447)
WARN  (EX2987) : Variable 'next_addr' must explicitly be declared as automatic or static("C:\Users\Haziel\GBTang\src\iosys\iosys.v":160)
Analyzing Verilog file 'C:\Users\Haziel\GBTang\src\iosys\picorv32.v'
Analyzing Verilog file 'C:\Users\Haziel\GBTang\src\iosys\simplespimaster.v'
Undeclared symbol 'spi_ready', assumed default net type 'wire'("C:\Users\Haziel\GBTang\src\iosys\simplespimaster.v":43)
Undeclared symbol 'spi_rxdv', assumed default net type 'wire'("C:\Users\Haziel\GBTang\src\iosys\simplespimaster.v":44)
WARN  (EX2987) : Variable 'new_request_t' must explicitly be declared as automatic or static("C:\Users\Haziel\GBTang\src\iosys\simplespimaster.v":58)
Analyzing Verilog file 'C:\Users\Haziel\GBTang\src\iosys\simpleuart.v'
Analyzing Verilog file 'C:\Users\Haziel\GBTang\src\iosys\spi_master.v'
Analyzing Verilog file 'C:\Users\Haziel\GBTang\src\iosys\spiflash.v'
WARN  (EX2987) : Variable 'new_request_t' must explicitly be declared as automatic or static("C:\Users\Haziel\GBTang\src\iosys\spiflash.v":69)
Analyzing Verilog file 'C:\Users\Haziel\GBTang\src\iosys\textdisp.v'
Analyzing Verilog file 'C:\Users\Haziel\GBTang\src\nano20k\gowin_pll_gb.v'
Analyzing Verilog file 'C:\Users\Haziel\GBTang\src\nano20k\gowin_pll_hdmi.v'
Undeclared symbol 'gw_vcc', assumed default net type 'wire'("C:\Users\Haziel\GBTang\src\nano20k\gowin_pll_hdmi.v":42)
Analyzing Verilog file 'C:\Users\Haziel\GBTang\src\nes2hdmi.sv'
Undeclared symbol 'tmdsClk', assumed default net type 'wire'("C:\Users\Haziel\GBTang\src\nes2hdmi.sv":315)
Analyzing Verilog file 'C:\Users\Haziel\GBTang\src\sdram_gb.v'
Analyzing Verilog file 'C:\Users\Haziel\GBTang\src\uart_tx_V2.v'
Analyzing Verilog file 'C:\Users\Haziel\GBTang\src\usb_hid_host.v'
Analyzing Verilog file 'C:\Users\Haziel\GBTang\src\usb_hid_host_rom.v'
Analyzing Verilog file 'C:\Users\Haziel\GBTang\src\wishbone_slaves.vh'
Analyzing Verilog file 'C:\Users\Haziel\GBTang\src\VerilogBoy\mbc1.v'
WARN  (EX3073) : Port 'lock' remains unconnected for this instance("C:\Users\Haziel\GBTang\src\gbtang_top.sv":201)
WARN  (EX3073) : Port 'o_mapper' remains unconnected for this instance("C:\Users\Haziel\GBTang\src\gbtang_top.sv":451)
Compiling module 'gbtang_top'("C:\Users\Haziel\GBTang\src\gbtang_top.sv":7)
WARN  (EX3791) : Expression size 32 truncated to fit in target size 8("C:\Users\Haziel\GBTang\src\gbtang_top.sv":183)
Compiling module 'gowin_pll_gb'("C:\Users\Haziel\GBTang\src\nano20k\gowin_pll_gb.v":10)
Compiling module 'gowin_pll_hdmi'("C:\Users\Haziel\GBTang\src\nano20k\gowin_pll_hdmi.v":10)
WARN  (EX1998) : Net 'gw_vcc' does not have a driver("C:\Users\Haziel\GBTang\src\nano20k\gowin_pll_hdmi.v":42)
WARN  (EX3791) : Expression size 4 truncated to fit in target size 3("C:\Users\Haziel\GBTang\src\gbtang_top.sv":231)
Compiling module 'boy'("C:\Users\Haziel\GBTang\src\VerilogBoy\boy.v":20)
Extracting RAM for identifier 'high_ram'("C:\Users\Haziel\GBTang\src\VerilogBoy\boy.v":75)
Compiling module 'cpu'("C:\Users\Haziel\GBTang\src\VerilogBoy\cpu.v":10)
Compiling module 'control'("C:\Users\Haziel\GBTang\src\VerilogBoy\control.v":18)
Compiling module 'regfile'("C:\Users\Haziel\GBTang\src\VerilogBoy\regfile.v":17)
Compiling module 'alu'("C:\Users\Haziel\GBTang\src\VerilogBoy\alu.v":10)
Compiling module 'dma'("C:\Users\Haziel\GBTang\src\VerilogBoy\dma.v":4)
Compiling module 'ppu'("C:\Users\Haziel\GBTang\src\VerilogBoy\ppu.v":4)
Extracting RAM for identifier 'oam_u'("C:\Users\Haziel\GBTang\src\VerilogBoy\ppu.v":107)
Extracting RAM for identifier 'oam_l'("C:\Users\Haziel\GBTang\src\VerilogBoy\ppu.v":108)
Extracting RAM for identifier 'obj_visible_list'("C:\Users\Haziel\GBTang\src\VerilogBoy\ppu.v":315)
Extracting RAM for identifier 'obj_trigger_list'("C:\Users\Haziel\GBTang\src\VerilogBoy\ppu.v":316)
Extracting RAM for identifier 'obj_y_list'("C:\Users\Haziel\GBTang\src\VerilogBoy\ppu.v":317)
Extracting RAM for identifier 'obj_valid_list'("C:\Users\Haziel\GBTang\src\VerilogBoy\ppu.v":318)
Compiling module 'singleport_ram'("C:\Users\Haziel\GBTang\src\VerilogBoy\singleport_ram.v":2)
Extracting RAM for identifier 'ram'("C:\Users\Haziel\GBTang\src\VerilogBoy\singleport_ram.v":13)
WARN  (EX3791) : Expression size 15 truncated to fit in target size 13("C:\Users\Haziel\GBTang\src\VerilogBoy\ppu.v":295)
WARN  (EX3791) : Expression size 15 truncated to fit in target size 13("C:\Users\Haziel\GBTang\src\VerilogBoy\ppu.v":298)
WARN  (EX3779) : 'obj_trigger_list' should be on the sensitivity list. Signal missing is added and assuming complete sensitivity list specified. RTL design and post-synthesis netlist simulations may differ as a result("C:\Users\Haziel\GBTang\src\VerilogBoy\ppu.v":338)
WARN  (EX3779) : 'obj_valid_list' should be on the sensitivity list. Signal missing is added and assuming complete sensitivity list specified. RTL design and post-synthesis netlist simulations may differ as a result("C:\Users\Haziel\GBTang\src\VerilogBoy\ppu.v":338)
WARN  (EX3791) : Expression size 8 truncated to fit in target size 4("C:\Users\Haziel\GBTang\src\VerilogBoy\ppu.v":361)
WARN  (EX3858) : System task 'display' is ignored for synthesis("C:\Users\Haziel\GBTang\src\VerilogBoy\ppu.v":523)
Compiling module 'timer'("C:\Users\Haziel\GBTang\src\VerilogBoy\timer.v":8)
Compiling module 'serial'("C:\Users\Haziel\GBTang\src\VerilogBoy\serial.v":16)
Compiling module 'sound'("C:\Users\Haziel\GBTang\src\VerilogBoy\sound.v":21)
Extracting RAM for identifier 'wave'("C:\Users\Haziel\GBTang\src\VerilogBoy\sound.v":118)
WARN  (EX3779) : 'addr_in_regs' should be on the sensitivity list. Signal missing is added and assuming complete sensitivity list specified. RTL design and post-synthesis netlist simulations may differ as a result("C:\Users\Haziel\GBTang\src\VerilogBoy\sound.v":136)
WARN  (EX3779) : 'sound_enable' should be on the sensitivity list. Signal missing is added and assuming complete sensitivity list specified. RTL design and post-synthesis netlist simulations may differ as a result("C:\Users\Haziel\GBTang\src\VerilogBoy\sound.v":138)
WARN  (EX3779) : 'ch4_on_flag' should be on the sensitivity list. Signal missing is added and assuming complete sensitivity list specified. RTL design and post-synthesis netlist simulations may differ as a result("C:\Users\Haziel\GBTang\src\VerilogBoy\sound.v":138)
WARN  (EX3779) : 'ch3_on_flag' should be on the sensitivity list. Signal missing is added and assuming complete sensitivity list specified. RTL design and post-synthesis netlist simulations may differ as a result("C:\Users\Haziel\GBTang\src\VerilogBoy\sound.v":138)
WARN  (EX3779) : 'ch2_on_flag' should be on the sensitivity list. Signal missing is added and assuming complete sensitivity list specified. RTL design and post-synthesis netlist simulations may differ as a result("C:\Users\Haziel\GBTang\src\VerilogBoy\sound.v":138)
WARN  (EX3779) : 'ch1_on_flag' should be on the sensitivity list. Signal missing is added and assuming complete sensitivity list specified. RTL design and post-synthesis netlist simulations may differ as a result("C:\Users\Haziel\GBTang\src\VerilogBoy\sound.v":138)
WARN  (EX3779) : 'regs' should be on the sensitivity list. Signal missing is added and assuming complete sensitivity list specified. RTL design and post-synthesis netlist simulations may differ as a result("C:\Users\Haziel\GBTang\src\VerilogBoy\sound.v":140)
WARN  (EX3779) : 'reg_addr' should be on the sensitivity list. Signal missing is added and assuming complete sensitivity list specified. RTL design and post-synthesis netlist simulations may differ as a result("C:\Users\Haziel\GBTang\src\VerilogBoy\sound.v":140)
WARN  (EX3779) : 'addr_in_wave' should be on the sensitivity list. Signal missing is added and assuming complete sensitivity list specified. RTL design and post-synthesis netlist simulations may differ as a result("C:\Users\Haziel\GBTang\src\VerilogBoy\sound.v":143)
WARN  (EX3779) : 'wave' should be on the sensitivity list. Signal missing is added and assuming complete sensitivity list specified. RTL design and post-synthesis netlist simulations may differ as a result("C:\Users\Haziel\GBTang\src\VerilogBoy\sound.v":144)
WARN  (EX3779) : 'wave_addr' should be on the sensitivity list. Signal missing is added and assuming complete sensitivity list specified. RTL design and post-synthesis netlist simulations may differ as a result("C:\Users\Haziel\GBTang\src\VerilogBoy\sound.v":144)
WARN  (EX3791) : Expression size 17 truncated to fit in target size 16("C:\Users\Haziel\GBTang\src\VerilogBoy\sound.v":203)
Compiling module 'sound_square'("C:\Users\Haziel\GBTang\src\VerilogBoy\sound_square.v":24)
Compiling module 'edgedet'("C:\Users\Haziel\GBTang\src\VerilogBoy\edgedet.v":16)
Compiling module 'sound_vol_env'("C:\Users\Haziel\GBTang\src\VerilogBoy\sound_vol_env.v":16)
WARN  (EX3791) : Expression size 5 truncated to fit in target size 4("C:\Users\Haziel\GBTang\src\VerilogBoy\sound_vol_env.v":44)
WARN  (EX3791) : Expression size 32 truncated to fit in target size 4("C:\Users\Haziel\GBTang\src\VerilogBoy\sound_vol_env.v":48)
Compiling module 'sound_length_ctr'("C:\Users\Haziel\GBTang\src\VerilogBoy\sound_length_ctr.v":16)
Compiling module 'sound_channel_mix'("C:\Users\Haziel\GBTang\src\VerilogBoy\sound_channel_mix.v":21)
Compiling module 'sound_wave'("C:\Users\Haziel\GBTang\src\VerilogBoy\sound_wave.v":17)
Compiling module 'sound_length_ctr(WIDTH=8)'("C:\Users\Haziel\GBTang\src\VerilogBoy\sound_length_ctr.v":16)
Compiling module 'sound_noise'("C:\Users\Haziel\GBTang\src\VerilogBoy\sound_noise.v":16)
WARN  (EX3791) : Expression size 32 truncated to fit in target size 6("C:\Users\Haziel\GBTang\src\VerilogBoy\sound_noise.v":81)
Compiling module 'brom'("C:\Users\Haziel\GBTang\src\VerilogBoy\brom.v":22)
Extracting RAM for identifier 'brom_array'("C:\Users\Haziel\GBTang\src\VerilogBoy\brom.v":27)
Compiling module 'mbc1'("C:\Users\Haziel\GBTang\src\VerilogBoy\mbc1.v":4)
Compiling module 'mbc5'("C:\Users\Haziel\GBTang\src\VerilogBoy\mbc5.v":4)
WARN  (EX3791) : Expression size 10 truncated to fit in target size 9("C:\Users\Haziel\GBTang\src\gbtang_top.sv":360)
WARN  (EX3791) : Expression size 10 truncated to fit in target size 9("C:\Users\Haziel\GBTang\src\gbtang_top.sv":362)
Compiling module 'sdram_gb'("C:\Users\Haziel\GBTang\src\sdram_gb.v":19)
Compiling module 'GameLoader'("C:\Users\Haziel\GBTang\src\game_loader.v":6)
WARN  (EX3073) : Port 'screen_width' remains unconnected for this instance("C:\Users\Haziel\GBTang\src\nes2hdmi.sv":319)
Compiling module 'nes2hdmi'("C:\Users\Haziel\GBTang\src\nes2hdmi.sv":6)
Extracting RAM for identifier 'mem'("C:\Users\Haziel\GBTang\src\nes2hdmi.sv":97)
WARN  (EX3988) : Cannot open file 'background.txt'("C:\Users\Haziel\GBTang\src\nes2hdmi.sv":122)
WARN  (EX3791) : Expression size 9 truncated to fit in target size 8("C:\Users\Haziel\GBTang\src\nes2hdmi.sv":153)
WARN  (EX3791) : Expression size 9 truncated to fit in target size 8("C:\Users\Haziel\GBTang\src\nes2hdmi.sv":154)
WARN  (EX3791) : Expression size 6 truncated to fit in target size 5("C:\Users\Haziel\GBTang\src\nes2hdmi.sv":260)
WARN  (EX3791) : Expression size 6 truncated to fit in target size 5("C:\Users\Haziel\GBTang\src\nes2hdmi.sv":262)
WARN  (EX3791) : Expression size 9 truncated to fit in target size 8("C:\Users\Haziel\GBTang\src\nes2hdmi.sv":267)
Compiling module 'hdmi(VIDEO_ID_CODE=4,VIDEO_REFRESH_RATE=60.0,AUDIO_RATE=48000)'("C:\Users\Haziel\GBTang\src\hdmi2\hdmi.sv":4)
Compiling module 'packet_picker(VIDEO_RATE=74250000.0,IT_CONTENT=1'b1,AUDIO_BIT_WIDTH=16,AUDIO_RATE=48000,VENDOR_NAME=64'b0101010101101110011010110110111001101111011101110110111000000000,PRODUCT_DESCRIPTION=128'b01000110010100000100011101000001000000000000000000000000000000000000000000000000000000000000000000000000000000000000000000000000,SOURCE_DEVICE_INFORMATION=8'b00000000)'("C:\Users\Haziel\GBTang\src\hdmi2\packet_picker.sv":4)
Extracting RAM for identifier 'audio_sample_word_buffer'("C:\Users\Haziel\GBTang\src\hdmi2\packet_picker.sv":84)
Compiling module 'audio_clock_regeneration_packet(VIDEO_RATE=74250000.0,AUDIO_RATE=48000)'("C:\Users\Haziel\GBTang\src\hdmi2\audio_clock_regeneration_packet.sv":5)
Compiling module 'audio_sample_packet(SAMPLING_FREQUENCY=4'b0010,WORD_LENGTH=4'b0010)'("C:\Users\Haziel\GBTang\src\hdmi2\audio_sample_packet.sv":8)
WARN  (EX3780) : Using initial value of 'CHANNEL_LEFT' since it is never assigned("C:\Users\Haziel\GBTang\src\hdmi2\audio_sample_packet.sv":63)
WARN  (EX3780) : Using initial value of 'CHANNEL_RIGHT' since it is never assigned("C:\Users\Haziel\GBTang\src\hdmi2\audio_sample_packet.sv":64)
Compiling module 'auxiliary_video_information_info_frame(IT_CONTENT=1'b1)'("C:\Users\Haziel\GBTang\src\hdmi2\auxiliary_video_information_info_frame.sv":5)
Compiling module 'source_product_description_info_frame(VENDOR_NAME=64'b0101010101101110011010110110111001101111011101110110111000000000,PRODUCT_DESCRIPTION=128'b01000110010100000100011101000001000000000000000000000000000000000000000000000000000000000000000000000000000000000000000000000000,SOURCE_DEVICE_INFORMATION=8'b00000000)'("C:\Users\Haziel\GBTang\src\hdmi2\source_product_description_info_frame.sv":5)
Compiling module 'audio_info_frame'("C:\Users\Haziel\GBTang\src\hdmi2\audio_info_frame.sv":5)
WARN  (EX1998) : Net 'headers[255][23]' does not have a driver("C:\Users\Haziel\GBTang\src\hdmi2\packet_picker.sv":29)
WARN  (EX1998) : Net 'subs[255][3][55]' does not have a driver("C:\Users\Haziel\GBTang\src\hdmi2\packet_picker.sv":30)
Compiling module 'packet_assembler'("C:\Users\Haziel\GBTang\src\hdmi2\packet_assembler.sv":4)
Compiling module 'tmds_channel'("C:\Users\Haziel\GBTang\src\hdmi2\tmds_channel.sv":4)
Compiling module 'tmds_channel(CN=1)'("C:\Users\Haziel\GBTang\src\hdmi2\tmds_channel.sv":4)
Compiling module 'tmds_channel(CN=2)'("C:\Users\Haziel\GBTang\src\hdmi2\tmds_channel.sv":4)
Compiling module 'serializer(VIDEO_RATE=74250000.0)'("C:\Users\Haziel\GBTang\src\hdmi2\serializer.sv":3)
WARN  (EX1998) : Net 'ONE_THIRD[768][7]' does not have a driver("C:\Users\Haziel\GBTang\src\nes2hdmi.sv":81)
WARN  (EX3073) : Port 'trap' remains unconnected for this instance("C:\Users\Haziel\GBTang\src\iosys\iosys.v":301)
Compiling module 'iosys(COLOR_LOGO=15'b01000_00000_01000,CORE_ID=3)'("C:\Users\Haziel\GBTang\src\iosys\iosys.v":33)
Extracting RAM for identifier 'reg_bsram'("C:\Users\Haziel\GBTang\src\iosys\iosys.v":142)
WARN  (EX3791) : Expression size 22 truncated to fit in target size 21("C:\Users\Haziel\GBTang\src\iosys\iosys.v":160)
WARN  (EX3791) : Expression size 22 truncated to fit in target size 21("C:\Users\Haziel\GBTang\src\iosys\iosys.v":160)
WARN  (EX3791) : Expression size 33 truncated to fit in target size 32("C:\Users\Haziel\GBTang\src\iosys\iosys.v":286)
Compiling module 'picorv32(ENABLE_COUNTERS=0,ENABLE_COUNTERS64=0,TWO_STAGE_SHIFT=0,CATCH_MISALIGN=0,CATCH_ILLINSN=0)'("C:\Users\Haziel\GBTang\src\iosys\picorv32.v":62)
WARN  (EX3827) : Synthesis - simulation differences may occur when using full_case directive("C:\Users\Haziel\GBTang\src\iosys\picorv32.v":403)
WARN  (EX3826) : Synthesis - simulation differences may occur when using parallel_case directive("C:\Users\Haziel\GBTang\src\iosys\picorv32.v":1119)
WARN  (EX3791) : Expression size 33 truncated to fit in target size 32("C:\Users\Haziel\GBTang\src\iosys\picorv32.v":1244)
WARN  (EX3791) : Expression size 32 truncated to fit in target size 1("C:\Users\Haziel\GBTang\src\iosys\picorv32.v":1249)
WARN  (EX3827) : Synthesis - simulation differences may occur when using full_case directive("C:\Users\Haziel\GBTang\src\iosys\picorv32.v":1251)
WARN  (EX3826) : Synthesis - simulation differences may occur when using parallel_case directive("C:\Users\Haziel\GBTang\src\iosys\picorv32.v":1251)
WARN  (EX3827) : Synthesis - simulation differences may occur when using full_case directive("C:\Users\Haziel\GBTang\src\iosys\picorv32.v":1268)
WARN  (EX3826) : Synthesis - simulation differences may occur when using parallel_case directive("C:\Users\Haziel\GBTang\src\iosys\picorv32.v":1268)
WARN  (EX3826) : Synthesis - simulation differences may occur when using parallel_case directive("C:\Users\Haziel\GBTang\src\iosys\picorv32.v":1314)
Compiling module 'picosoc_regs'("C:\Users\Haziel\GBTang\src\iosys\iosys.v":659)
Extracting RAM for identifier 'regs'("C:\Users\Haziel\GBTang\src\iosys\iosys.v":668)
WARN  (EX3791) : Expression size 32 truncated to fit in target size 5("C:\Users\Haziel\GBTang\src\iosys\picorv32.v":1387)
WARN  (EX3791) : Expression size 32 truncated to fit in target size 5("C:\Users\Haziel\GBTang\src\iosys\picorv32.v":1403)
WARN  (EX3826) : Synthesis - simulation differences may occur when using parallel_case directive("C:\Users\Haziel\GBTang\src\iosys\picorv32.v":1497)
WARN  (EX3826) : Synthesis - simulation differences may occur when using parallel_case directive("C:\Users\Haziel\GBTang\src\iosys\picorv32.v":1583)
WARN  (EX3791) : Expression size 32 truncated to fit in target size 5("C:\Users\Haziel\GBTang\src\iosys\picorv32.v":1730)
WARN  (EX3826) : Synthesis - simulation differences may occur when using parallel_case directive("C:\Users\Haziel\GBTang\src\iosys\picorv32.v":1735)
WARN  (EX3791) : Expression size 32 truncated to fit in target size 5("C:\Users\Haziel\GBTang\src\iosys\picorv32.v":1760)
WARN  (EX3826) : Synthesis - simulation differences may occur when using parallel_case directive("C:\Users\Haziel\GBTang\src\iosys\picorv32.v":1766)
WARN  (EX3827) : Synthesis - simulation differences may occur when using full_case directive("C:\Users\Haziel\GBTang\src\iosys\picorv32.v":1844)
WARN  (EX3826) : Synthesis - simulation differences may occur when using parallel_case directive("C:\Users\Haziel\GBTang\src\iosys\picorv32.v":1844)
WARN  (EX3791) : Expression size 32 truncated to fit in target size 5("C:\Users\Haziel\GBTang\src\iosys\picorv32.v":1849)
WARN  (EX3827) : Synthesis - simulation differences may occur when using full_case directive("C:\Users\Haziel\GBTang\src\iosys\picorv32.v":1859)
WARN  (EX3826) : Synthesis - simulation differences may occur when using parallel_case directive("C:\Users\Haziel\GBTang\src\iosys\picorv32.v":1859)
WARN  (EX3827) : Synthesis - simulation differences may occur when using full_case directive("C:\Users\Haziel\GBTang\src\iosys\picorv32.v":1884)
WARN  (EX3826) : Synthesis - simulation differences may occur when using parallel_case directive("C:\Users\Haziel\GBTang\src\iosys\picorv32.v":1884)
WARN  (EX3827) : Synthesis - simulation differences may occur when using full_case directive("C:\Users\Haziel\GBTang\src\iosys\picorv32.v":1901)
WARN  (EX3826) : Synthesis - simulation differences may occur when using parallel_case directive("C:\Users\Haziel\GBTang\src\iosys\picorv32.v":1901)
WARN  (EX3827) : Synthesis - simulation differences may occur when using full_case directive("C:\Users\Haziel\GBTang\src\iosys\picorv32.v":1485)
Compiling module 'textdisp(COLOR_LOGO=15'b010000000001000)'("C:\Users\Haziel\GBTang\src\iosys\textdisp.v":4)
WARN  (EX3791) : Expression size 8 truncated to fit in target size 2("C:\Users\Haziel\GBTang\src\iosys\textdisp.v":38)
Compiling module 'gowin_dpb_menu'("C:\Users\Haziel\GBTang\src\iosys\gowin_dpb_menu.v":10)
WARN  (EX3791) : Expression size 9 truncated to fit in target size 8("C:\Users\Haziel\GBTang\src\iosys\textdisp.v":117)
WARN  (EX3791) : Expression size 32 truncated to fit in target size 7("C:\Users\Haziel\GBTang\src\iosys\textdisp.v":137)
WARN  (EX3791) : Expression size 32 truncated to fit in target size 4("C:\Users\Haziel\GBTang\src\iosys\textdisp.v":138)
WARN  (EX2565) : Input 'ocea' on this instance is undriven. Assigning to 0, simulation mismatch possible. Please assign the input or remove the declaration("C:\Users\Haziel\GBTang\src\iosys\textdisp.v":56)
WARN  (EX2565) : Input 'oceb' on this instance is undriven. Assigning to 0, simulation mismatch possible. Please assign the input or remove the declaration("C:\Users\Haziel\GBTang\src\iosys\textdisp.v":56)
WARN  (EX2565) : Input 'dinb[7]' on this instance is undriven. Assigning to 0, simulation mismatch possible. Please assign the input or remove the declaration("C:\Users\Haziel\GBTang\src\iosys\textdisp.v":56)
WARN  (EX2565) : Input 'dinb[6]' on this instance is undriven. Assigning to 0, simulation mismatch possible. Please assign the input or remove the declaration("C:\Users\Haziel\GBTang\src\iosys\textdisp.v":56)
WARN  (EX2565) : Input 'dinb[5]' on this instance is undriven. Assigning to 0, simulation mismatch possible. Please assign the input or remove the declaration("C:\Users\Haziel\GBTang\src\iosys\textdisp.v":56)
WARN  (EX2565) : Input 'dinb[4]' on this instance is undriven. Assigning to 0, simulation mismatch possible. Please assign the input or remove the declaration("C:\Users\Haziel\GBTang\src\iosys\textdisp.v":56)
WARN  (EX2565) : Input 'dinb[3]' on this instance is undriven. Assigning to 0, simulation mismatch possible. Please assign the input or remove the declaration("C:\Users\Haziel\GBTang\src\iosys\textdisp.v":56)
WARN  (EX2565) : Input 'dinb[2]' on this instance is undriven. Assigning to 0, simulation mismatch possible. Please assign the input or remove the declaration("C:\Users\Haziel\GBTang\src\iosys\textdisp.v":56)
WARN  (EX2565) : Input 'dinb[1]' on this instance is undriven. Assigning to 0, simulation mismatch possible. Please assign the input or remove the declaration("C:\Users\Haziel\GBTang\src\iosys\textdisp.v":56)
WARN  (EX2565) : Input 'dinb[0]' on this instance is undriven. Assigning to 0, simulation mismatch possible. Please assign the input or remove the declaration("C:\Users\Haziel\GBTang\src\iosys\textdisp.v":56)
Compiling module 'simpleuart'("C:\Users\Haziel\GBTang\src\iosys\simpleuart.v":20)
WARN  (EX3791) : Expression size 17 truncated to fit in target size 16("C:\Users\Haziel\GBTang\src\iosys\simpleuart.v":74)
WARN  (EX3791) : Expression size 5 truncated to fit in target size 4("C:\Users\Haziel\GBTang\src\iosys\simpleuart.v":99)
WARN  (EX3791) : Expression size 17 truncated to fit in target size 16("C:\Users\Haziel\GBTang\src\iosys\simpleuart.v":112)
WARN  (EX3791) : Expression size 32 truncated to fit in target size 4("C:\Users\Haziel\GBTang\src\iosys\simpleuart.v":130)
Compiling module 'simplespimaster'("C:\Users\Haziel\GBTang\src\iosys\simplespimaster.v":11)
Compiling module 'SPI_Master'("C:\Users\Haziel\GBTang\src\iosys\spi_master.v":33)
Compiling module 'spiflash(ADDR=24'h500000,LEN=262144)'("C:\Users\Haziel\GBTang\src\iosys\spiflash.v":13)
WARN  (EX3791) : Expression size 22 truncated to fit in target size 21("C:\Users\Haziel\GBTang\src\iosys\spiflash.v":90)
WARN  (EX3791) : Expression size 32 truncated to fit in target size 23("C:\Users\Haziel\GBTang\src\iosys\iosys.v":407)
WARN  (EX3791) : Expression size 16 truncated to fit in target size 15("C:\Users\Haziel\GBTang\src\iosys\iosys.v":423)
WARN  (EX3791) : Expression size 32 truncated to fit in target size 1("C:\Users\Haziel\GBTang\src\iosys\iosys.v":438)
WARN  (EX3791) : Expression size 32 truncated to fit in target size 1("C:\Users\Haziel\GBTang\src\iosys\iosys.v":453)
WARN  (EX3791) : Expression size 8 truncated to fit in target size 1("C:\Users\Haziel\GBTang\src\iosys\iosys.v":592)
WARN  (EX1998) : Net 'reg_load_bsram[7]' does not have a driver("C:\Users\Haziel\GBTang\src\iosys\iosys.v":141)
WARN  (EX2565) : Input 'pcpi_wr' on this instance is undriven. Assigning to 0, simulation mismatch possible. Please assign the input or remove the declaration("C:\Users\Haziel\GBTang\src\iosys\iosys.v":301)
WARN  (EX2565) : Input 'pcpi_rd[31]' on this instance is undriven. Assigning to 0, simulation mismatch possible. Please assign the input or remove the declaration("C:\Users\Haziel\GBTang\src\iosys\iosys.v":301)
WARN  (EX2565) : Input 'pcpi_rd[30]' on this instance is undriven. Assigning to 0, simulation mismatch possible. Please assign the input or remove the declaration("C:\Users\Haziel\GBTang\src\iosys\iosys.v":301)
WARN  (EX2565) : Input 'pcpi_rd[29]' on this instance is undriven. Assigning to 0, simulation mismatch possible. Please assign the input or remove the declaration("C:\Users\Haziel\GBTang\src\iosys\iosys.v":301)
WARN  (EX2565) : Input 'pcpi_rd[28]' on this instance is undriven. Assigning to 0, simulation mismatch possible. Please assign the input or remove the declaration("C:\Users\Haziel\GBTang\src\iosys\iosys.v":301)
WARN  (EX2565) : Input 'pcpi_rd[27]' on this instance is undriven. Assigning to 0, simulation mismatch possible. Please assign the input or remove the declaration("C:\Users\Haziel\GBTang\src\iosys\iosys.v":301)
WARN  (EX2565) : Input 'pcpi_rd[26]' on this instance is undriven. Assigning to 0, simulation mismatch possible. Please assign the input or remove the declaration("C:\Users\Haziel\GBTang\src\iosys\iosys.v":301)
WARN  (EX2565) : Input 'pcpi_rd[25]' on this instance is undriven. Assigning to 0, simulation mismatch possible. Please assign the input or remove the declaration("C:\Users\Haziel\GBTang\src\iosys\iosys.v":301)
WARN  (EX2565) : Input 'pcpi_rd[24]' on this instance is undriven. Assigning to 0, simulation mismatch possible. Please assign the input or remove the declaration("C:\Users\Haziel\GBTang\src\iosys\iosys.v":301)
WARN  (EX2565) : Input 'pcpi_rd[23]' on this instance is undriven. Assigning to 0, simulation mismatch possible. Please assign the input or remove the declaration("C:\Users\Haziel\GBTang\src\iosys\iosys.v":301)
WARN  (EX2565) : Input 'pcpi_rd[22]' on this instance is undriven. Assigning to 0, simulation mismatch possible. Please assign the input or remove the declaration("C:\Users\Haziel\GBTang\src\iosys\iosys.v":301)
WARN  (EX2565) : Input 'pcpi_rd[21]' on this instance is undriven. Assigning to 0, simulation mismatch possible. Please assign the input or remove the declaration("C:\Users\Haziel\GBTang\src\iosys\iosys.v":301)
WARN  (EX2565) : Input 'pcpi_rd[20]' on this instance is undriven. Assigning to 0, simulation mismatch possible. Please assign the input or remove the declaration("C:\Users\Haziel\GBTang\src\iosys\iosys.v":301)
WARN  (EX2565) : Input 'pcpi_rd[19]' on this instance is undriven. Assigning to 0, simulation mismatch possible. Please assign the input or remove the declaration("C:\Users\Haziel\GBTang\src\iosys\iosys.v":301)
WARN  (EX2565) : Input 'pcpi_rd[18]' on this instance is undriven. Assigning to 0, simulation mismatch possible. Please assign the input or remove the declaration("C:\Users\Haziel\GBTang\src\iosys\iosys.v":301)
WARN  (EX2565) : Input 'pcpi_rd[17]' on this instance is undriven. Assigning to 0, simulation mismatch possible. Please assign the input or remove the declaration("C:\Users\Haziel\GBTang\src\iosys\iosys.v":301)
WARN  (EX2565) : Input 'pcpi_rd[16]' on this instance is undriven. Assigning to 0, simulation mismatch possible. Please assign the input or remove the declaration("C:\Users\Haziel\GBTang\src\iosys\iosys.v":301)
WARN  (EX2565) : Input 'pcpi_rd[15]' on this instance is undriven. Assigning to 0, simulation mismatch possible. Please assign the input or remove the declaration("C:\Users\Haziel\GBTang\src\iosys\iosys.v":301)
WARN  (EX2565) : Input 'pcpi_rd[14]' on this instance is undriven. Assigning to 0, simulation mismatch possible. Please assign the input or remove the declaration("C:\Users\Haziel\GBTang\src\iosys\iosys.v":301)
WARN  (EX2565) : Input 'pcpi_rd[13]' on this instance is undriven. Assigning to 0, simulation mismatch possible. Please assign the input or remove the declaration("C:\Users\Haziel\GBTang\src\iosys\iosys.v":301)
WARN  (EX2565) : Input 'pcpi_rd[12]' on this instance is undriven. Assigning to 0, simulation mismatch possible. Please assign the input or remove the declaration("C:\Users\Haziel\GBTang\src\iosys\iosys.v":301)
WARN  (EX2565) : Input 'pcpi_rd[11]' on this instance is undriven. Assigning to 0, simulation mismatch possible. Please assign the input or remove the declaration("C:\Users\Haziel\GBTang\src\iosys\iosys.v":301)
WARN  (EX2565) : Input 'pcpi_rd[10]' on this instance is undriven. Assigning to 0, simulation mismatch possible. Please assign the input or remove the declaration("C:\Users\Haziel\GBTang\src\iosys\iosys.v":301)
WARN  (EX2565) : Input 'pcpi_rd[9]' on this instance is undriven. Assigning to 0, simulation mismatch possible. Please assign the input or remove the declaration("C:\Users\Haziel\GBTang\src\iosys\iosys.v":301)
WARN  (EX2565) : Input 'pcpi_rd[8]' on this instance is undriven. Assigning to 0, simulation mismatch possible. Please assign the input or remove the declaration("C:\Users\Haziel\GBTang\src\iosys\iosys.v":301)
WARN  (EX2565) : Input 'pcpi_rd[7]' on this instance is undriven. Assigning to 0, simulation mismatch possible. Please assign the input or remove the declaration("C:\Users\Haziel\GBTang\src\iosys\iosys.v":301)
WARN  (EX2565) : Input 'pcpi_rd[6]' on this instance is undriven. Assigning to 0, simulation mismatch possible. Please assign the input or remove the declaration("C:\Users\Haziel\GBTang\src\iosys\iosys.v":301)
WARN  (EX2565) : Input 'pcpi_rd[5]' on this instance is undriven. Assigning to 0, simulation mismatch possible. Please assign the input or remove the declaration("C:\Users\Haziel\GBTang\src\iosys\iosys.v":301)
WARN  (EX2565) : Input 'pcpi_rd[4]' on this instance is undriven. Assigning to 0, simulation mismatch possible. Please assign the input or remove the declaration("C:\Users\Haziel\GBTang\src\iosys\iosys.v":301)
WARN  (EX2565) : Input 'pcpi_rd[3]' on this instance is undriven. Assigning to 0, simulation mismatch possible. Please assign the input or remove the declaration("C:\Users\Haziel\GBTang\src\iosys\iosys.v":301)
WARN  (EX2565) : Input 'pcpi_rd[2]' on this instance is undriven. Assigning to 0, simulation mismatch possible. Please assign the input or remove the declaration("C:\Users\Haziel\GBTang\src\iosys\iosys.v":301)
WARN  (EX2565) : Input 'pcpi_rd[1]' on this instance is undriven. Assigning to 0, simulation mismatch possible. Please assign the input or remove the declaration("C:\Users\Haziel\GBTang\src\iosys\iosys.v":301)
WARN  (EX2565) : Input 'pcpi_rd[0]' on this instance is undriven. Assigning to 0, simulation mismatch possible. Please assign the input or remove the declaration("C:\Users\Haziel\GBTang\src\iosys\iosys.v":301)
WARN  (EX2565) : Input 'pcpi_wait' on this instance is undriven. Assigning to 0, simulation mismatch possible. Please assign the input or remove the declaration("C:\Users\Haziel\GBTang\src\iosys\iosys.v":301)
WARN  (EX2565) : Input 'pcpi_ready' on this instance is undriven. Assigning to 0, simulation mismatch possible. Please assign the input or remove the declaration("C:\Users\Haziel\GBTang\src\iosys\iosys.v":301)
WARN  (EX2565) : Input 'irq[31]' on this instance is undriven. Assigning to 0, simulation mismatch possible. Please assign the input or remove the declaration("C:\Users\Haziel\GBTang\src\iosys\iosys.v":301)
WARN  (EX2565) : Input 'irq[30]' on this instance is undriven. Assigning to 0, simulation mismatch possible. Please assign the input or remove the declaration("C:\Users\Haziel\GBTang\src\iosys\iosys.v":301)
WARN  (EX2565) : Input 'irq[29]' on this instance is undriven. Assigning to 0, simulation mismatch possible. Please assign the input or remove the declaration("C:\Users\Haziel\GBTang\src\iosys\iosys.v":301)
WARN  (EX2565) : Input 'irq[28]' on this instance is undriven. Assigning to 0, simulation mismatch possible. Please assign the input or remove the declaration("C:\Users\Haziel\GBTang\src\iosys\iosys.v":301)
WARN  (EX2565) : Input 'irq[27]' on this instance is undriven. Assigning to 0, simulation mismatch possible. Please assign the input or remove the declaration("C:\Users\Haziel\GBTang\src\iosys\iosys.v":301)
WARN  (EX2565) : Input 'irq[26]' on this instance is undriven. Assigning to 0, simulation mismatch possible. Please assign the input or remove the declaration("C:\Users\Haziel\GBTang\src\iosys\iosys.v":301)
WARN  (EX2565) : Input 'irq[25]' on this instance is undriven. Assigning to 0, simulation mismatch possible. Please assign the input or remove the declaration("C:\Users\Haziel\GBTang\src\iosys\iosys.v":301)
WARN  (EX2565) : Input 'irq[24]' on this instance is undriven. Assigning to 0, simulation mismatch possible. Please assign the input or remove the declaration("C:\Users\Haziel\GBTang\src\iosys\iosys.v":301)
WARN  (EX2565) : Input 'irq[23]' on this instance is undriven. Assigning to 0, simulation mismatch possible. Please assign the input or remove the declaration("C:\Users\Haziel\GBTang\src\iosys\iosys.v":301)
WARN  (EX2565) : Input 'irq[22]' on this instance is undriven. Assigning to 0, simulation mismatch possible. Please assign the input or remove the declaration("C:\Users\Haziel\GBTang\src\iosys\iosys.v":301)
WARN  (EX2565) : Input 'irq[21]' on this instance is undriven. Assigning to 0, simulation mismatch possible. Please assign the input or remove the declaration("C:\Users\Haziel\GBTang\src\iosys\iosys.v":301)
WARN  (EX2565) : Input 'irq[20]' on this instance is undriven. Assigning to 0, simulation mismatch possible. Please assign the input or remove the declaration("C:\Users\Haziel\GBTang\src\iosys\iosys.v":301)
WARN  (EX2565) : Input 'irq[19]' on this instance is undriven. Assigning to 0, simulation mismatch possible. Please assign the input or remove the declaration("C:\Users\Haziel\GBTang\src\iosys\iosys.v":301)
WARN  (EX2565) : Input 'irq[18]' on this instance is undriven. Assigning to 0, simulation mismatch possible. Please assign the input or remove the declaration("C:\Users\Haziel\GBTang\src\iosys\iosys.v":301)
WARN  (EX2565) : Input 'irq[17]' on this instance is undriven. Assigning to 0, simulation mismatch possible. Please assign the input or remove the declaration("C:\Users\Haziel\GBTang\src\iosys\iosys.v":301)
WARN  (EX2565) : Input 'irq[16]' on this instance is undriven. Assigning to 0, simulation mismatch possible. Please assign the input or remove the declaration("C:\Users\Haziel\GBTang\src\iosys\iosys.v":301)
WARN  (EX2565) : Input 'irq[15]' on this instance is undriven. Assigning to 0, simulation mismatch possible. Please assign the input or remove the declaration("C:\Users\Haziel\GBTang\src\iosys\iosys.v":301)
WARN  (EX2565) : Input 'irq[14]' on this instance is undriven. Assigning to 0, simulation mismatch possible. Please assign the input or remove the declaration("C:\Users\Haziel\GBTang\src\iosys\iosys.v":301)
WARN  (EX2565) : Input 'irq[13]' on this instance is undriven. Assigning to 0, simulation mismatch possible. Please assign the input or remove the declaration("C:\Users\Haziel\GBTang\src\iosys\iosys.v":301)
WARN  (EX2565) : Input 'irq[12]' on this instance is undriven. Assigning to 0, simulation mismatch possible. Please assign the input or remove the declaration("C:\Users\Haziel\GBTang\src\iosys\iosys.v":301)
WARN  (EX2565) : Input 'irq[11]' on this instance is undriven. Assigning to 0, simulation mismatch possible. Please assign the input or remove the declaration("C:\Users\Haziel\GBTang\src\iosys\iosys.v":301)
WARN  (EX2565) : Input 'irq[10]' on this instance is undriven. Assigning to 0, simulation mismatch possible. Please assign the input or remove the declaration("C:\Users\Haziel\GBTang\src\iosys\iosys.v":301)
WARN  (EX2565) : Input 'irq[9]' on this instance is undriven. Assigning to 0, simulation mismatch possible. Please assign the input or remove the declaration("C:\Users\Haziel\GBTang\src\iosys\iosys.v":301)
WARN  (EX2565) : Input 'irq[8]' on this instance is undriven. Assigning to 0, simulation mismatch possible. Please assign the input or remove the declaration("C:\Users\Haziel\GBTang\src\iosys\iosys.v":301)
WARN  (EX2565) : Input 'irq[7]' on this instance is undriven. Assigning to 0, simulation mismatch possible. Please assign the input or remove the declaration("C:\Users\Haziel\GBTang\src\iosys\iosys.v":301)
WARN  (EX2565) : Input 'irq[6]' on this instance is undriven. Assigning to 0, simulation mismatch possible. Please assign the input or remove the declaration("C:\Users\Haziel\GBTang\src\iosys\iosys.v":301)
WARN  (EX2565) : Input 'irq[5]' on this instance is undriven. Assigning to 0, simulation mismatch possible. Please assign the input or remove the declaration("C:\Users\Haziel\GBTang\src\iosys\iosys.v":301)
WARN  (EX2565) : Input 'irq[4]' on this instance is undriven. Assigning to 0, simulation mismatch possible. Please assign the input or remove the declaration("C:\Users\Haziel\GBTang\src\iosys\iosys.v":301)
WARN  (EX2565) : Input 'irq[3]' on this instance is undriven. Assigning to 0, simulation mismatch possible. Please assign the input or remove the declaration("C:\Users\Haziel\GBTang\src\iosys\iosys.v":301)
WARN  (EX2565) : Input 'irq[2]' on this instance is undriven. Assigning to 0, simulation mismatch possible. Please assign the input or remove the declaration("C:\Users\Haziel\GBTang\src\iosys\iosys.v":301)
WARN  (EX2565) : Input 'irq[1]' on this instance is undriven. Assigning to 0, simulation mismatch possible. Please assign the input or remove the declaration("C:\Users\Haziel\GBTang\src\iosys\iosys.v":301)
WARN  (EX2565) : Input 'irq[0]' on this instance is undriven. Assigning to 0, simulation mismatch possible. Please assign the input or remove the declaration("C:\Users\Haziel\GBTang\src\iosys\iosys.v":301)
WARN  (EX3670) : Actual bit length 129 differs from formal bit length 32 for port 'i_wb_idata'("C:\Users\Haziel\GBTang\src\gbtang_top.sv":601)
WARN  (EX3670) : Actual bit length 1 differs from formal bit length 4 for port 'o_wb_sel'("C:\Users\Haziel\GBTang\src\gbtang_top.sv":609)
Compiling module 'controller_snes'("C:\Users\Haziel\GBTang\src\controller_snes.v":2)
WARN  (EX3791) : Expression size 20 truncated to fit in target size 19("C:\Users\Haziel\GBTang\src\controller_snes.v":86)
WARN  (EX3791) : Expression size 5 truncated to fit in target size 4("C:\Users\Haziel\GBTang\src\controller_snes.v":111)
Compiling module 'controller_ds2'("C:\Users\Haziel\GBTang\src\controller_ds2.sv":3)
Compiling module 'dualshock_controller(FREQ=21600000)'("C:\Users\Haziel\GBTang\src\dualshock_controller.v":46)
WARN  (EX3791) : Expression size 8 truncated to fit in target size 7("C:\Users\Haziel\GBTang\src\dualshock_controller.v":74)
Compiling module 'ps_pls_gan'("C:\Users\Haziel\GBTang\src\dualshock_controller.v":144)
WARN  (EX3791) : Expression size 12 truncated to fit in target size 11("C:\Users\Haziel\GBTang\src\dualshock_controller.v":171)
Compiling module 'ps_txd'("C:\Users\Haziel\GBTang\src\dualshock_controller.v":262)
Compiling module 'ps_rxd'("C:\Users\Haziel\GBTang\src\dualshock_controller.v":237)
Compiling module 'Autofire'("C:\Users\Haziel\GBTang\src\autofire.v":4)
WARN  (EX3791) : Expression size 22 truncated to fit in target size 21("C:\Users\Haziel\GBTang\src\autofire.v":23)
WARN  (EX3791) : Expression size 25 truncated to fit in target size 24("C:\Users\Haziel\GBTang\src\gbtang_top.sv":662)
WARN  (EX1998) : Net 'joypad_out[0]' does not have a driver("C:\Users\Haziel\GBTang\src\gbtang_top.sv":99)
WARN  (EX1998) : Net 'joypad_clock[1]' does not have a driver("C:\Users\Haziel\GBTang\src\gbtang_top.sv":101)
WARN  (EX1998) : Net 'GB_wb_master_err' does not have a driver("C:\Users\Haziel\GBTang\src\gbtang_top.sv":606)
WARN  (EX1998) : Net 'GB_wb_slave_data[31]' does not have a driver("C:\Users\Haziel\GBTang\src\gbtang_top.sv":601)
NOTE  (EX0101) : Current top module is "gbtang_top"
WARN  (EX0211) : The output port "mem_data[7]" of module "GameLoader" has no driver, assigning undriven bits to Z, simulation mismatch possible("C:\Users\Haziel\GBTang\src\game_loader.v":17)
WARN  (EX0211) : The output port "mem_data[6]" of module "GameLoader" has no driver, assigning undriven bits to Z, simulation mismatch possible("C:\Users\Haziel\GBTang\src\game_loader.v":17)
WARN  (EX0211) : The output port "mem_data[5]" of module "GameLoader" has no driver, assigning undriven bits to Z, simulation mismatch possible("C:\Users\Haziel\GBTang\src\game_loader.v":17)
WARN  (EX0211) : The output port "mem_data[4]" of module "GameLoader" has no driver, assigning undriven bits to Z, simulation mismatch possible("C:\Users\Haziel\GBTang\src\game_loader.v":17)
WARN  (EX0211) : The output port "mem_data[3]" of module "GameLoader" has no driver, assigning undriven bits to Z, simulation mismatch possible("C:\Users\Haziel\GBTang\src\game_loader.v":17)
WARN  (EX0211) : The output port "mem_data[2]" of module "GameLoader" has no driver, assigning undriven bits to Z, simulation mismatch possible("C:\Users\Haziel\GBTang\src\game_loader.v":17)
WARN  (EX0211) : The output port "mem_data[1]" of module "GameLoader" has no driver, assigning undriven bits to Z, simulation mismatch possible("C:\Users\Haziel\GBTang\src\game_loader.v":17)
WARN  (EX0211) : The output port "mem_data[0]" of module "GameLoader" has no driver, assigning undriven bits to Z, simulation mismatch possible("C:\Users\Haziel\GBTang\src\game_loader.v":17)
WARN  (EX0211) : The output port "o_wb_sel[3]" of module "iosys(COLOR_LOGO=15'b01000_00000_01000,CORE_ID=3)" has no driver, assigning undriven bits to Z, simulation mismatch possible("C:\Users\Haziel\GBTang\src\iosys\iosys.v":105)
WARN  (EX0211) : The output port "o_wb_sel[2]" of module "iosys(COLOR_LOGO=15'b01000_00000_01000,CORE_ID=3)" has no driver, assigning undriven bits to Z, simulation mismatch possible("C:\Users\Haziel\GBTang\src\iosys\iosys.v":105)
WARN  (EX0211) : The output port "o_wb_sel[1]" of module "iosys(COLOR_LOGO=15'b01000_00000_01000,CORE_ID=3)" has no driver, assigning undriven bits to Z, simulation mismatch possible("C:\Users\Haziel\GBTang\src\iosys\iosys.v":105)
WARN  (EX0211) : The output port "o_wb_sel[0]" of module "iosys(COLOR_LOGO=15'b01000_00000_01000,CORE_ID=3)" has no driver, assigning undriven bits to Z, simulation mismatch possible("C:\Users\Haziel\GBTang\src\iosys\iosys.v":105)
WARN  (EX0211) : The output port "pcpi_insn[31]" of module "picorv32(ENABLE_COUNTERS=0,ENABLE_COUNTERS64=0,TWO_STAGE_SHIFT=0,CATCH_MISALIGN=0,CATCH_ILLINSN=0)" has no driver, assigning undriven bits to Z, simulation mismatch possible("C:\Users\Haziel\GBTang\src\iosys\picorv32.v":111)
WARN  (EX0211) : The output port "pcpi_insn[30]" of module "picorv32(ENABLE_COUNTERS=0,ENABLE_COUNTERS64=0,TWO_STAGE_SHIFT=0,CATCH_MISALIGN=0,CATCH_ILLINSN=0)" has no driver, assigning undriven bits to Z, simulation mismatch possible("C:\Users\Haziel\GBTang\src\iosys\picorv32.v":111)
WARN  (EX0211) : The output port "pcpi_insn[29]" of module "picorv32(ENABLE_COUNTERS=0,ENABLE_COUNTERS64=0,TWO_STAGE_SHIFT=0,CATCH_MISALIGN=0,CATCH_ILLINSN=0)" has no driver, assigning undriven bits to Z, simulation mismatch possible("C:\Users\Haziel\GBTang\src\iosys\picorv32.v":111)
WARN  (EX0211) : The output port "pcpi_insn[28]" of module "picorv32(ENABLE_COUNTERS=0,ENABLE_COUNTERS64=0,TWO_STAGE_SHIFT=0,CATCH_MISALIGN=0,CATCH_ILLINSN=0)" has no driver, assigning undriven bits to Z, simulation mismatch possible("C:\Users\Haziel\GBTang\src\iosys\picorv32.v":111)
WARN  (EX0211) : The output port "pcpi_insn[27]" of module "picorv32(ENABLE_COUNTERS=0,ENABLE_COUNTERS64=0,TWO_STAGE_SHIFT=0,CATCH_MISALIGN=0,CATCH_ILLINSN=0)" has no driver, assigning undriven bits to Z, simulation mismatch possible("C:\Users\Haziel\GBTang\src\iosys\picorv32.v":111)
WARN  (EX0211) : The output port "pcpi_insn[26]" of module "picorv32(ENABLE_COUNTERS=0,ENABLE_COUNTERS64=0,TWO_STAGE_SHIFT=0,CATCH_MISALIGN=0,CATCH_ILLINSN=0)" has no driver, assigning undriven bits to Z, simulation mismatch possible("C:\Users\Haziel\GBTang\src\iosys\picorv32.v":111)
WARN  (EX0211) : The output port "pcpi_insn[25]" of module "picorv32(ENABLE_COUNTERS=0,ENABLE_COUNTERS64=0,TWO_STAGE_SHIFT=0,CATCH_MISALIGN=0,CATCH_ILLINSN=0)" has no driver, assigning undriven bits to Z, simulation mismatch possible("C:\Users\Haziel\GBTang\src\iosys\picorv32.v":111)
WARN  (EX0211) : The output port "pcpi_insn[24]" of module "picorv32(ENABLE_COUNTERS=0,ENABLE_COUNTERS64=0,TWO_STAGE_SHIFT=0,CATCH_MISALIGN=0,CATCH_ILLINSN=0)" has no driver, assigning undriven bits to Z, simulation mismatch possible("C:\Users\Haziel\GBTang\src\iosys\picorv32.v":111)
WARN  (EX0211) : The output port "pcpi_insn[23]" of module "picorv32(ENABLE_COUNTERS=0,ENABLE_COUNTERS64=0,TWO_STAGE_SHIFT=0,CATCH_MISALIGN=0,CATCH_ILLINSN=0)" has no driver, assigning undriven bits to Z, simulation mismatch possible("C:\Users\Haziel\GBTang\src\iosys\picorv32.v":111)
WARN  (EX0211) : The output port "pcpi_insn[22]" of module "picorv32(ENABLE_COUNTERS=0,ENABLE_COUNTERS64=0,TWO_STAGE_SHIFT=0,CATCH_MISALIGN=0,CATCH_ILLINSN=0)" has no driver, assigning undriven bits to Z, simulation mismatch possible("C:\Users\Haziel\GBTang\src\iosys\picorv32.v":111)
WARN  (EX0211) : The output port "pcpi_insn[21]" of module "picorv32(ENABLE_COUNTERS=0,ENABLE_COUNTERS64=0,TWO_STAGE_SHIFT=0,CATCH_MISALIGN=0,CATCH_ILLINSN=0)" has no driver, assigning undriven bits to Z, simulation mismatch possible("C:\Users\Haziel\GBTang\src\iosys\picorv32.v":111)
WARN  (EX0211) : The output port "pcpi_insn[20]" of module "picorv32(ENABLE_COUNTERS=0,ENABLE_COUNTERS64=0,TWO_STAGE_SHIFT=0,CATCH_MISALIGN=0,CATCH_ILLINSN=0)" has no driver, assigning undriven bits to Z, simulation mismatch possible("C:\Users\Haziel\GBTang\src\iosys\picorv32.v":111)
WARN  (EX0211) : The output port "pcpi_insn[19]" of module "picorv32(ENABLE_COUNTERS=0,ENABLE_COUNTERS64=0,TWO_STAGE_SHIFT=0,CATCH_MISALIGN=0,CATCH_ILLINSN=0)" has no driver, assigning undriven bits to Z, simulation mismatch possible("C:\Users\Haziel\GBTang\src\iosys\picorv32.v":111)
WARN  (EX0211) : The output port "pcpi_insn[18]" of module "picorv32(ENABLE_COUNTERS=0,ENABLE_COUNTERS64=0,TWO_STAGE_SHIFT=0,CATCH_MISALIGN=0,CATCH_ILLINSN=0)" has no driver, assigning undriven bits to Z, simulation mismatch possible("C:\Users\Haziel\GBTang\src\iosys\picorv32.v":111)
WARN  (EX0211) : The output port "pcpi_insn[17]" of module "picorv32(ENABLE_COUNTERS=0,ENABLE_COUNTERS64=0,TWO_STAGE_SHIFT=0,CATCH_MISALIGN=0,CATCH_ILLINSN=0)" has no driver, assigning undriven bits to Z, simulation mismatch possible("C:\Users\Haziel\GBTang\src\iosys\picorv32.v":111)
WARN  (EX0211) : The output port "pcpi_insn[16]" of module "picorv32(ENABLE_COUNTERS=0,ENABLE_COUNTERS64=0,TWO_STAGE_SHIFT=0,CATCH_MISALIGN=0,CATCH_ILLINSN=0)" has no driver, assigning undriven bits to Z, simulation mismatch possible("C:\Users\Haziel\GBTang\src\iosys\picorv32.v":111)
WARN  (EX0211) : The output port "pcpi_insn[15]" of module "picorv32(ENABLE_COUNTERS=0,ENABLE_COUNTERS64=0,TWO_STAGE_SHIFT=0,CATCH_MISALIGN=0,CATCH_ILLINSN=0)" has no driver, assigning undriven bits to Z, simulation mismatch possible("C:\Users\Haziel\GBTang\src\iosys\picorv32.v":111)
WARN  (EX0211) : The output port "pcpi_insn[14]" of module "picorv32(ENABLE_COUNTERS=0,ENABLE_COUNTERS64=0,TWO_STAGE_SHIFT=0,CATCH_MISALIGN=0,CATCH_ILLINSN=0)" has no driver, assigning undriven bits to Z, simulation mismatch possible("C:\Users\Haziel\GBTang\src\iosys\picorv32.v":111)
WARN  (EX0211) : The output port "pcpi_insn[13]" of module "picorv32(ENABLE_COUNTERS=0,ENABLE_COUNTERS64=0,TWO_STAGE_SHIFT=0,CATCH_MISALIGN=0,CATCH_ILLINSN=0)" has no driver, assigning undriven bits to Z, simulation mismatch possible("C:\Users\Haziel\GBTang\src\iosys\picorv32.v":111)
WARN  (EX0211) : The output port "pcpi_insn[12]" of module "picorv32(ENABLE_COUNTERS=0,ENABLE_COUNTERS64=0,TWO_STAGE_SHIFT=0,CATCH_MISALIGN=0,CATCH_ILLINSN=0)" has no driver, assigning undriven bits to Z, simulation mismatch possible("C:\Users\Haziel\GBTang\src\iosys\picorv32.v":111)
WARN  (EX0211) : The output port "pcpi_insn[11]" of module "picorv32(ENABLE_COUNTERS=0,ENABLE_COUNTERS64=0,TWO_STAGE_SHIFT=0,CATCH_MISALIGN=0,CATCH_ILLINSN=0)" has no driver, assigning undriven bits to Z, simulation mismatch possible("C:\Users\Haziel\GBTang\src\iosys\picorv32.v":111)
WARN  (EX0211) : The output port "pcpi_insn[10]" of module "picorv32(ENABLE_COUNTERS=0,ENABLE_COUNTERS64=0,TWO_STAGE_SHIFT=0,CATCH_MISALIGN=0,CATCH_ILLINSN=0)" has no driver, assigning undriven bits to Z, simulation mismatch possible("C:\Users\Haziel\GBTang\src\iosys\picorv32.v":111)
WARN  (EX0211) : The output port "pcpi_insn[9]" of module "picorv32(ENABLE_COUNTERS=0,ENABLE_COUNTERS64=0,TWO_STAGE_SHIFT=0,CATCH_MISALIGN=0,CATCH_ILLINSN=0)" has no driver, assigning undriven bits to Z, simulation mismatch possible("C:\Users\Haziel\GBTang\src\iosys\picorv32.v":111)
WARN  (EX0211) : The output port "pcpi_insn[8]" of module "picorv32(ENABLE_COUNTERS=0,ENABLE_COUNTERS64=0,TWO_STAGE_SHIFT=0,CATCH_MISALIGN=0,CATCH_ILLINSN=0)" has no driver, assigning undriven bits to Z, simulation mismatch possible("C:\Users\Haziel\GBTang\src\iosys\picorv32.v":111)
WARN  (EX0211) : The output port "pcpi_insn[7]" of module "picorv32(ENABLE_COUNTERS=0,ENABLE_COUNTERS64=0,TWO_STAGE_SHIFT=0,CATCH_MISALIGN=0,CATCH_ILLINSN=0)" has no driver, assigning undriven bits to Z, simulation mismatch possible("C:\Users\Haziel\GBTang\src\iosys\picorv32.v":111)
WARN  (EX0211) : The output port "pcpi_insn[6]" of module "picorv32(ENABLE_COUNTERS=0,ENABLE_COUNTERS64=0,TWO_STAGE_SHIFT=0,CATCH_MISALIGN=0,CATCH_ILLINSN=0)" has no driver, assigning undriven bits to Z, simulation mismatch possible("C:\Users\Haziel\GBTang\src\iosys\picorv32.v":111)
WARN  (EX0211) : The output port "pcpi_insn[5]" of module "picorv32(ENABLE_COUNTERS=0,ENABLE_COUNTERS64=0,TWO_STAGE_SHIFT=0,CATCH_MISALIGN=0,CATCH_ILLINSN=0)" has no driver, assigning undriven bits to Z, simulation mismatch possible("C:\Users\Haziel\GBTang\src\iosys\picorv32.v":111)
WARN  (EX0211) : The output port "pcpi_insn[4]" of module "picorv32(ENABLE_COUNTERS=0,ENABLE_COUNTERS64=0,TWO_STAGE_SHIFT=0,CATCH_MISALIGN=0,CATCH_ILLINSN=0)" has no driver, assigning undriven bits to Z, simulation mismatch possible("C:\Users\Haziel\GBTang\src\iosys\picorv32.v":111)
WARN  (EX0211) : The output port "pcpi_insn[3]" of module "picorv32(ENABLE_COUNTERS=0,ENABLE_COUNTERS64=0,TWO_STAGE_SHIFT=0,CATCH_MISALIGN=0,CATCH_ILLINSN=0)" has no driver, assigning undriven bits to Z, simulation mismatch possible("C:\Users\Haziel\GBTang\src\iosys\picorv32.v":111)
WARN  (EX0211) : The output port "pcpi_insn[2]" of module "picorv32(ENABLE_COUNTERS=0,ENABLE_COUNTERS64=0,TWO_STAGE_SHIFT=0,CATCH_MISALIGN=0,CATCH_ILLINSN=0)" has no driver, assigning undriven bits to Z, simulation mismatch possible("C:\Users\Haziel\GBTang\src\iosys\picorv32.v":111)
WARN  (EX0211) : The output port "pcpi_insn[1]" of module "picorv32(ENABLE_COUNTERS=0,ENABLE_COUNTERS64=0,TWO_STAGE_SHIFT=0,CATCH_MISALIGN=0,CATCH_ILLINSN=0)" has no driver, assigning undriven bits to Z, simulation mismatch possible("C:\Users\Haziel\GBTang\src\iosys\picorv32.v":111)
WARN  (EX0211) : The output port "pcpi_insn[0]" of module "picorv32(ENABLE_COUNTERS=0,ENABLE_COUNTERS64=0,TWO_STAGE_SHIFT=0,CATCH_MISALIGN=0,CATCH_ILLINSN=0)" has no driver, assigning undriven bits to Z, simulation mismatch possible("C:\Users\Haziel\GBTang\src\iosys\picorv32.v":111)
WARN  (EX0211) : The output port "led[1]" of module "gbtang_top" has no driver, assigning undriven bits to Z, simulation mismatch possible("C:\Users\Haziel\GBTang\src\gbtang_top.sv":19)
WARN  (EX0211) : The output port "led[0]" of module "gbtang_top" has no driver, assigning undriven bits to Z, simulation mismatch possible("C:\Users\Haziel\GBTang\src\gbtang_top.sv":19)
[5%] Running netlist conversion ...
WARN  (CV0016) : Input s1 is unused("C:\Users\Haziel\GBTang\src\gbtang_top.sv":11)
WARN  (CV0016) : Input reset2 is unused("C:\Users\Haziel\GBTang\src\gbtang_top.sv":12)
Running device independent optimization ...
[10%] Optimizing Phase 0 completed
[15%] Optimizing Phase 1 completed
[25%] Optimizing Phase 2 completed
Running inference ...
[30%] Inferring Phase 0 completed
[40%] Inferring Phase 1 completed
[50%] Inferring Phase 2 completed
[55%] Inferring Phase 3 completed
Running technical mapping ...
[60%] Tech-Mapping Phase 0 completed
[65%] Tech-Mapping Phase 1 completed
[75%] Tech-Mapping Phase 2 completed
[80%] Tech-Mapping Phase 3 completed
[90%] Tech-Mapping Phase 4 completed
WARN  (NL0002) : The module "Autofire" instantiated to "af_a" is swept in optimizing("C:\Users\Haziel\GBTang\src\gbtang_top.sv":640)
WARN  (NL0002) : The module "Autofire" instantiated to "af_a2" is swept in optimizing("C:\Users\Haziel\GBTang\src\gbtang_top.sv":642)
WARN  (NL0002) : The module "Autofire" instantiated to "af_b" is swept in optimizing("C:\Users\Haziel\GBTang\src\gbtang_top.sv":641)
WARN  (NL0002) : The module "Autofire" instantiated to "af_b2" is swept in optimizing("C:\Users\Haziel\GBTang\src\gbtang_top.sv":643)
WARN  (NL0002) : The module "GameLoader" instantiated to "loader" is swept in optimizing("C:\Users\Haziel\GBTang\src\gbtang_top.sv":451)
WARN  (NL0002) : The module "audio_info_frame" instantiated to "audio_info_frame" is swept in optimizing("C:\Users\Haziel\GBTang\src\hdmi2\packet_picker.sv":147)
WARN  (NL0002) : The module "audio_sample_packet" instantiated to "audio_sample_packet" is swept in optimizing("C:\Users\Haziel\GBTang\src\hdmi2\packet_picker.sv":135)
WARN  (NL0002) : The module "auxiliary_video_information_info_frame" instantiated to "auxiliary_video_information_info_frame" is swept in optimizing("C:\Users\Haziel\GBTang\src\hdmi2\packet_picker.sv":141)
WARN  (NL0002) : The module "source_product_description_info_frame" instantiated to "source_product_description_info_frame" is swept in optimizing("C:\Users\Haziel\GBTang\src\hdmi2\packet_picker.sv":144)
WARN  (NL0002) : The module "sound_channel_mix" instantiated to "sound_channel_mix" is swept in optimizing("C:\Users\Haziel\GBTang\src\VerilogBoy\sound_square.v":141)
[95%] Generate netlist file "C:\Users\Haziel\GBTang\impl\gwsynthesis\gbtang_nano20k.vg" completed
WARN  (CK3000) : Can't calculate clocks' relationship between: "pll_gb/rpll_inst/CLKOUT.default_gen_clk" and "gb_clk"
WARN  (CK3000) : Can't calculate clocks' relationship between: "gb_clk" and "pll_gb/rpll_inst/CLKOUT.default_gen_clk"
[100%] Generate report file "C:\Users\Haziel\GBTang\impl\gwsynthesis\gbtang_nano20k_syn.rpt.html" completed
GowinSynthesis finish
